키프레임
플랙스박스
css


단무지영@DESKTOP-5IF6FK6 MINGW64 ~/Desktop/탐우드코업/11월/Class-16
$ git init
Initialized empty Git repository in C:/Users/단무지영/Desktop/탐우드코업/11월/Class-16/.git/

단무지영@DESKTOP-5IF6FK6 MINGW64 ~/Desktop/탐우드코업/11월/Class-16 (master)
$ git branch

단무지영@DESKTOP-5IF6FK6 MINGW64 ~/Desktop/탐우드코업/11월/Class-16 (master)
$ git remote origin https://github.com/zi0Ham/11-class-05.git
error: unknown subcommand: `origin'
usage: git remote [-v | --verbose]
   or: git remote get-url [--push] [--all] <name>
   or: git remote set-url [--push] <name> <newurl> [<oldurl>]
   or: git remote set-url --add <name> <newurl>
   or: git remote set-url --delete <name> <url>

    -v, --verbose         be verbose; must be placed before a subcommand


단무지영@DESKTOP-5IF6FK6 MINGW64 ~/Desktop/탐우드코업/11월/Class-16 (master)
$ git remote add origin https://github.com/zi0Ham/11-class-05.git

단무지영@DESKTOP-5IF6FK6 MINGW64 ~/Desktop/탐우드코업/11월/Class-16 (master)
$ git status
On branch master

No commits yet

Untracked files:
  (use "git add <file>..." to include in what will be committed)
        img/
        index.html

nothing added to commit but untracked files present (use "git add" to track)

단무지영@DESKTOP-5IF6FK6 MINGW64 ~/Desktop/탐우드코업/11월/Class-16 (master)
$ git add index.html

단무지영@DESKTOP-5IF6FK6 MINGW64 ~/Desktop/탐우드코업/11월/Class-16 (master)
$ git status
On branch master

No commits yet

Changes to be committed:
  (use "git rm --cached <file>..." to unstage)
        new file:   index.html

Untracked files:
  (use "git add <file>..." to include in what will be committed)
        img/


단무지영@DESKTOP-5IF6FK6 MINGW64 ~/Desktop/탐우드코업/11월/Class-16 (master)
$ git add img/

단무지영@DESKTOP-5IF6FK6 MINGW64 ~/Desktop/탐우드코업/11월/Class-16 (master)
$ git status
On branch master

No commits yet

Changes to be committed:
  (use "git rm --cached <file>..." to unstage)
        new file:   img/pexels-anthony-133184.jpg
        new file:   index.html


단무지영@DESKTOP-5IF6FK6 MINGW64 ~/Desktop/탐우드코업/11월/Class-16 (master)
$ git commit -m "Main: Navigation section done"
[master (root-commit) 503cb64] Main: Navigation section done
 2 files changed, 41 insertions(+)
 create mode 100644 img/pexels-anthony-133184.jpg
 create mode 100644 index.html

단무지영@DESKTOP-5IF6FK6 MINGW64 ~/Desktop/탐우드코업/11월/Class-16 (master)
$ git push origin main
error: src refspec main does not match any
error: failed to push some refs to 'https://github.com/zi0Ham/11-class-05.git'

단무지영@DESKTOP-5IF6FK6 MINGW64 ~/Desktop/탐우드코업/11월/Class-16 (master)
$ git push origin main
error: src refspec main does not match any
error: failed to push some refs to 'https://github.com/zi0Ham/11-class-05.git'

단무지영@DESKTOP-5IF6FK6 MINGW64 ~/Desktop/탐우드코업/11월/Class-16 (master)
$ git push origin main
error: src refspec main does not match any
error: failed to push some refs to 'https://github.com/zi0Ham/11-class-05.git'

단무지영@DESKTOP-5IF6FK6 MINGW64 ~/Desktop/탐우드코업/11월/Class-16 (master)
$ git push origin main
error: src refspec main does not match any
error: failed to push some refs to 'https://github.com/zi0Ham/11-class-05.git'

단무지영@DESKTOP-5IF6FK6 MINGW64 ~/Desktop/탐우드코업/11월/Class-16 (master)
$ git push origin mian https://github.com/zi0Ham/11-class-05.git
fatal: invalid refspec 'https://github.com/zi0Ham/11-class-05.git'

단무지영@DESKTOP-5IF6FK6 MINGW64 ~/Desktop/탐우드코업/11월/Class-16 (master)
$ git push origin main
error: src refspec main does not match any
error: failed to push some refs to 'https://github.com/zi0Ham/11-class-05.git'

단무지영@DESKTOP-5IF6FK6 MINGW64 ~/Desktop/탐우드코업/11월/Class-16 (master)
$ git push origin main
error: src refspec main does not match any
error: failed to push some refs to 'https://github.com/zi0Ham/11-class-05.git'

단무지영@DESKTOP-5IF6FK6 MINGW64 ~/Desktop/탐우드코업/11월/Class-16 (master)
$ git push origin main
error: src refspec main does not match any
error: failed to push some refs to 'https://github.com/zi0Ham/11-class-05.git'

단무지영@DESKTOP-5IF6FK6 MINGW64 ~/Desktop/탐우드코업/11월/Class-16 (master)
$ git push origin main
error: src refspec main does not match any
error: failed to push some refs to 'https://github.com/zi0Ham/11-class-05.git'

단무지영@DESKTOP-5IF6FK6 MINGW64 ~/Desktop/탐우드코업/11월/Class-16 (master)
$ git push origin main
error: src refspec main does not match any
error: failed to push some refs to 'https://github.com/zi0Ham/11-class-05.git'

단무지영@DESKTOP-5IF6FK6 MINGW64 ~/Desktop/탐우드코업/11월/Class-16 (master)
$ git checkout -b main
Switched to a new branch 'main'

단무지영@DESKTOP-5IF6FK6 MINGW64 ~/Desktop/탐우드코업/11월/Class-16 (main)
$ git add index.html

단무지영@DESKTOP-5IF6FK6 MINGW64 ~/Desktop/탐우드코업/11월/Class-16 (main)
$ git add img/

단무지영@DESKTOP-5IF6FK6 MINGW64 ~/Desktop/탐우드코업/11월/Class-16 (main)
$ git status
On branch main
Changes to be committed:
  (use "git restore --staged <file>..." to unstage)
        modified:   index.html

Untracked files:
  (use "git add <file>..." to include in what will be committed)
        .gitignore


단무지영@DESKTOP-5IF6FK6 MINGW64 ~/Desktop/탐우드코업/11월/Class-16 (main)
$ git commit -m "Main: Navigation section done"
[main 4e7f269] Main: Navigation section done
 1 file changed, 3 insertions(+), 1 deletion(-)

단무지영@DESKTOP-5IF6FK6 MINGW64 ~/Desktop/탐우드코업/11월/Class-16 (main)
$ git push origin main
Enumerating objects: 8, done.
Counting objects: 100% (8/8), done.
Delta compression using up to 8 threads
Compressing objects: 100% (8/8), done.
Writing objects: 100% (8/8), 189.90 KiB | 23.74 MiB/s, done.
Total 8 (delta 1), reused 0 (delta 0), pack-reused 0
remote: Resolving deltas: 100% (1/1), done.
To https://github.com/zi0Ham/11-class-05.git
 * [new branch]      main -> main

단무지영@DESKTOP-5IF6FK6 MINGW64 ~/Desktop/탐우드코업/11월/Class-16 (main)
$ git push origin main
Everything up-to-date

단무지영@DESKTOP-5IF6FK6 MINGW64 ~/Desktop/탐우드코업/11월/Class-16 (main)
$ git status
On branch main
Changes not staged for commit:
  (use "git add <file>..." to update what will be committed)
  (use "git restore <file>..." to discard changes in working directory)
        modified:   index.html

Untracked files:
  (use "git add <file>..." to include in what will be committed)
        .gitignore

no changes added to commit (use "git add" and/or "git commit -a")

단무지영@DESKTOP-5IF6FK6 MINGW64 ~/Desktop/탐우드코업/11월/Class-16 (main)
$ git add index.html

단무지영@DESKTOP-5IF6FK6 MINGW64 ~/Desktop/탐우드코업/11월/Class-16 (main)
$ git add .gitignore

단무지영@DESKTOP-5IF6FK6 MINGW64 ~/Desktop/탐우드코업/11월/Class-16 (main)
$ git status
On branch main
Changes to be committed:
  (use "git restore --staged <file>..." to unstage)
        new file:   .gitignore
        modified:   index.html


단무지영@DESKTOP-5IF6FK6 MINGW64 ~/Desktop/탐우드코업/11월/Class-16 (main)
$ git commit -m "Main: Header seciton is done"
[main 1c1f66e] Main: Header seciton is done
 2 files changed, 3 insertions(+), 1 deletion(-)
 create mode 100644 .gitignore

단무지영@DESKTOP-5IF6FK6 MINGW64 ~/Desktop/탐우드코업/11월/Class-16 (main)
$ git push origin main
Enumerating objects: 6, done.
Counting objects: 100% (6/6), done.
Delta compression using up to 8 threads
Compressing objects: 100% (3/3), done.
Writing objects: 100% (4/4), 404 bytes | 404.00 KiB/s, done.
Total 4 (delta 1), reused 0 (delta 0), pack-reused 0
remote: Resolving deltas: 100% (1/1), completed with 1 local object.
To https://github.com/zi0Ham/11-class-05.git
   4e7f269..1c1f66e  main -> main

단무지영@DESKTOP-5IF6FK6 MINGW64 ~/Desktop/탐우드코업/11월/Class-16 (main)
$ git status
On branch main
Changes not staged for commit:
  (use "git add <file>..." to update what will be committed)
  (use "git restore <file>..." to discard changes in working directory)
        modified:   index.html

no changes added to commit (use "git add" and/or "git commit -a")

단무지영@DESKTOP-5IF6FK6 MINGW64 ~/Desktop/탐우드코업/11월/Class-16 (main)
$ git add index.html

단무지영@DESKTOP-5IF6FK6 MINGW64 ~/Desktop/탐우드코업/11월/Class-16 (main)
$ git status
On branch main
Changes to be committed:
  (use "git restore --staged <file>..." to unstage)
        modified:   index.html


단무지영@DESKTOP-5IF6FK6 MINGW64 ~/Desktop/탐우드코업/11월/Class-16 (main)
$ git commit -m "Main:Features section is done"
[main 82af84e] Main:Features section is done
 1 file changed, 37 insertions(+), 3 deletions(-)

단무지영@DESKTOP-5IF6FK6 MINGW64 ~/Desktop/탐우드코업/11월/Class-16 (main)
$ git push origin main
Enumerating objects: 5, done.
Counting objects: 100% (5/5), done.
Delta compression using up to 8 threads
Compressing objects: 100% (3/3), done.
Writing objects: 100% (3/3), 724 bytes | 362.00 KiB/s, done.
Total 3 (delta 2), reused 0 (delta 0), pack-reused 0
remote: Resolving deltas: 100% (2/2), completed with 2 local objects.
To https://github.com/zi0Ham/11-class-05.git
   1c1f66e..82af84e  main -> main

단무지영@DESKTOP-5IF6FK6 MINGW64 ~/Desktop/탐우드코업/11월/Class-16 (main)
$ git status
On branch main
Changes not staged for commit:
  (use "git add <file>..." to update what will be committed)
  (use "git restore <file>..." to discard changes in working directory)
        modified:   index.html

no changes added to commit (use "git add" and/or "git commit -a")

단무지영@DESKTOP-5IF6FK6 MINGW64 ~/Desktop/탐우드코업/11월/Class-16 (main)
$ git index.html
git: 'index.html' is not a git command. See 'git --help'.

단무지영@DESKTOP-5IF6FK6 MINGW64 ~/Desktop/탐우드코업/11월/Class-16 (main)
$ git status
On branch main
Changes not staged for commit:
  (use "git add <file>..." to update what will be committed)
  (use "git restore <file>..." to discard changes in working directory)
        modified:   index.html

no changes added to commit (use "git add" and/or "git commit -a")

단무지영@DESKTOP-5IF6FK6 MINGW64 ~/Desktop/탐우드코업/11월/Class-16 (main)
$ git commit - m "Main: About section is done"
error: pathspec '-' did not match any file(s) known to git
error: pathspec 'm' did not match any file(s) known to git
error: pathspec 'Main: About section is done' did not match any file(s) known to git

단무지영@DESKTOP-5IF6FK6 MINGW64 ~/Desktop/탐우드코업/11월/Class-16 (main)
$ git commit -m "Main: Abot section is done"
On branch main
Changes not staged for commit:
  (use "git add <file>..." to update what will be committed)
  (use "git restore <file>..." to discard changes in working directory)
        modified:   index.html

no changes added to commit (use "git add" and/or "git commit -a")

단무지영@DESKTOP-5IF6FK6 MINGW64 ~/Desktop/탐우드코업/11월/Class-16 (main)
$ git push origin main
Everything up-to-date

단무지영@DESKTOP-5IF6FK6 MINGW64 ~/Desktop/탐우드코업/11월/Class-16 (main)
$ git status
On branch main
Changes not staged for commit:
  (use "git add <file>..." to update what will be committed)
  (use "git restore <file>..." to discard changes in working directory)
        modified:   index.html

no changes added to commit (use "git add" and/or "git commit -a")

단무지영@DESKTOP-5IF6FK6 MINGW64 ~/Desktop/탐우드코업/11월/Class-16 (main)
$ git add index.html

단무지영@DESKTOP-5IF6FK6 MINGW64 ~/Desktop/탐우드코업/11월/Class-16 (main)
$ git status
On branch main
Changes to be committed:
  (use "git restore --staged <file>..." to unstage)
        modified:   index.html


단무지영@DESKTOP-5IF6FK6 MINGW64 ~/Desktop/탐우드코업/11월/Class-16 (main)
$ git commit -m "Main: About section is done"
[main 3633f91] Main: About section is done
 1 file changed, 41 insertions(+)

단무지영@DESKTOP-5IF6FK6 MINGW64 ~/Desktop/탐우드코업/11월/Class-16 (main)
$ git push origin main
Enumerating objects: 5, done.
Counting objects: 100% (5/5), done.
Delta compression using up to 8 threads
Compressing objects: 100% (3/3), done.
Writing objects: 100% (3/3), 821 bytes | 410.00 KiB/s, done.
Total 3 (delta 2), reused 0 (delta 0), pack-reused 0
remote: Resolving deltas: 100% (2/2), completed with 2 local objects.
To https://github.com/zi0Ham/11-class-05.git
   82af84e..3633f91  main -> main

단무지영@DESKTOP-5IF6FK6 MINGW64 ~/Desktop/탐우드코업/11월/Class-16 (main